// Jest Snapshot v1, https://goo.gl/fbAQLP

exports[`Brands component test cases Brands components snapshot and nothing is selected in the dropdowns 1`] = `
<form
  class="ant-form ant-form-horizontal"
>
  <div
    class="ant-row"
    style="margin: -4px -4px 4px -4px;"
  >
    <div
      class="ant-col ant-col-4 col1-text"
      style="padding: 4px 4px 4px 4px;"
    />
    <div
      class="ant-col ant-col-4"
      style="padding: 4px 4px 4px 4px;"
    >
      <div
        class="ant-row ant-form-item"
        data-testid="brand"
      >
        <div
          class="ant-col ant-form-item-label"
        >
          <label
            class="ant-form-item-required ant-form-item-no-colon"
            for="0_name"
            title=""
          >
            Client
          </label>
        </div>
        <div
          class="ant-col ant-form-item-control"
        >
          <div
            class="ant-form-item-control-input"
          >
            <div
              class="ant-form-item-control-input-content"
            >
              <div
                class="ant-select ant-select-single ant-select-show-arrow"
                data-testid="nemo-select-search-supply-brand"
              >
                <div
                  class="ant-select-selector"
                >
                  <span
                    class="ant-select-selection-search"
                  >
                    <input
                      aria-activedescendant="rc_select_TEST_OR_SSR_list_0"
                      aria-autocomplete="list"
                      aria-controls="rc_select_TEST_OR_SSR_list"
                      aria-haspopup="listbox"
                      aria-owns="rc_select_TEST_OR_SSR_list"
                      autocomplete="off"
                      class="ant-select-selection-search-input"
                      id="rc_select_TEST_OR_SSR"
                      readonly=""
                      role="combobox"
                      style="opacity: 0;"
                      type="search"
                      unselectable="on"
                      value=""
                    />
                  </span>
                  <span
                    class="ant-select-selection-item"
                    title="Internal Demo Brand"
                  >
                    Internal Demo Brand
                  </span>
                </div>
                <span
                  aria-hidden="true"
                  class="ant-select-arrow"
                  style="user-select: none;"
                  unselectable="on"
                >
                  <span
                    aria-label="down"
                    class="anticon anticon-down ant-select-suffix"
                    role="img"
                  >
                    <svg
                      aria-hidden="true"
                      data-icon="down"
                      fill="currentColor"
                      focusable="false"
                      height="1em"
                      viewBox="64 64 896 896"
                      width="1em"
                    >
                      <path
                        d="M884 256h-75c-5.1 0-9.9 2.5-12.9 6.6L512 654.2 227.9 262.6c-3-4.1-7.8-6.6-12.9-6.6h-75c-6.5 0-10.3 7.4-6.5 12.7l352.6 486.1c12.8 17.6 39 17.6 51.7 0l352.6-486.1c3.9-5.3.1-12.7-6.4-12.7z"
                      />
                    </svg>
                  </span>
                </span>
              </div>
            </div>
          </div>
        </div>
      </div>
    </div>
  </div>
  <div>
    <div
      class="ant-row"
      style="margin: -4px -4px 4px -4px;"
    >
      <div
        class="ant-col ant-col-4 col-1-text"
        style="padding: 4px 4px 4px 4px;"
      />
      <div
        class="ant-col ant-col-4"
        style="padding: 4px 4px 4px 4px;"
      >
        <div
          class="ant-row ant-form-item"
        >
          <div
            class="ant-col ant-form-item-label"
          >
            <label
              class="ant-form-item-required ant-form-item-no-colon"
              for="0_storefronts_0_name"
              title=""
            >
              Store
            </label>
          </div>
          <div
            class="ant-col ant-form-item-control"
          >
            <div
              class="ant-form-item-control-input"
            >
              <div
                class="ant-form-item-control-input-content"
              >
                <div
                  class="ant-select ant-select-single ant-select-show-arrow"
                  data-testid="nemo-select-0search-supply-storefront"
                >
                  <div
                    class="ant-select-selector"
                  >
                    <span
                      class="ant-select-selection-search"
                    >
                      <input
                        aria-activedescendant="rc_select_TEST_OR_SSR_list_0"
                        aria-autocomplete="list"
                        aria-controls="rc_select_TEST_OR_SSR_list"
                        aria-haspopup="listbox"
                        aria-owns="rc_select_TEST_OR_SSR_list"
                        autocomplete="off"
                        class="ant-select-selection-search-input"
                        id="rc_select_TEST_OR_SSR"
                        readonly=""
                        role="combobox"
                        style="opacity: 0;"
                        type="search"
                        unselectable="on"
                        value=""
                      />
                    </span>
                    <span
                      class="ant-select-selection-placeholder"
                    >
                      Please Select
                    </span>
                  </div>
                  <span
                    aria-hidden="true"
                    class="ant-select-arrow"
                    style="user-select: none;"
                    unselectable="on"
                  >
                    <span
                      aria-label="down"
                      class="anticon anticon-down ant-select-suffix"
                      role="img"
                    >
                      <svg
                        aria-hidden="true"
                        data-icon="down"
                        fill="currentColor"
                        focusable="false"
                        height="1em"
                        viewBox="64 64 896 896"
                        width="1em"
                      >
                        <path
                          d="M884 256h-75c-5.1 0-9.9 2.5-12.9 6.6L512 654.2 227.9 262.6c-3-4.1-7.8-6.6-12.9-6.6h-75c-6.5 0-10.3 7.4-6.5 12.7l352.6 486.1c12.8 17.6 39 17.6 51.7 0l352.6-486.1c3.9-5.3.1-12.7-6.4-12.7z"
                        />
                      </svg>
                    </span>
                  </span>
                </div>
              </div>
            </div>
          </div>
        </div>
      </div>
      <div
        class="ant-col ant-col-7"
        style="padding: 4px 4px 4px 4px;"
      >
        <div
          class="ant-row ant-form-item"
        >
          <div
            class="ant-col ant-form-item-label"
          >
            <label
              class="ant-form-item-required ant-form-item-no-colon"
              for="0_storefronts_0_suppliers_0_name"
              title=""
            >
              Supplier
            </label>
          </div>
          <div
            class="ant-col ant-form-item-control"
          >
            <div
              class="ant-form-item-control-input"
            >
              <div
                class="ant-form-item-control-input-content"
              >
                <div
                  class="ant-select ant-select-multiple ant-select-show-search"
                  data-testid="nemo-select-0brw-search-supply"
                >
                  <div
                    class="ant-select-selector"
                  >
                    <span
                      class="ant-select-selection-search"
                      style="width: 0px;"
                    >
                      <input
                        aria-activedescendant="rc_select_TEST_OR_SSR_list_0"
                        aria-autocomplete="list"
                        aria-controls="rc_select_TEST_OR_SSR_list"
                        aria-haspopup="listbox"
                        aria-owns="rc_select_TEST_OR_SSR_list"
                        autocomplete="off"
                        class="ant-select-selection-search-input"
                        id="rc_select_TEST_OR_SSR"
                        readonly=""
                        role="combobox"
                        style="opacity: 0;"
                        type="search"
                        unselectable="on"
                        value=""
                      />
                      <span
                        aria-hidden="true"
                        class="ant-select-selection-search-mirror"
                      >
                        
                        Â 
                      </span>
                    </span>
                    <span
                      class="ant-select-selection-placeholder"
                    >
                      Please Select
                    </span>
                  </div>
                </div>
              </div>
            </div>
          </div>
        </div>
      </div>
      <div
        class="ant-col ant-col-7"
        style="padding: 4px 4px 4px 4px;"
      >
        <div
          class="ant-row ant-form-item undefined undefined"
        >
          <div
            class="ant-col ant-form-item-label"
          >
            <label
              class="ant-form-item-required ant-form-item-no-colon"
              for="0_storefronts_0_suppliers_0_channels"
              title=""
            >
              Channels Only For NTP
            </label>
          </div>
          <div
            class="ant-col ant-form-item-control"
          >
            <div
              class="ant-form-item-control-input"
            >
              <div
                class="ant-form-item-control-input-content"
              >
                <div
                  class="ant-select ant-select-multiple ant-select-show-search"
                  data-testid="nemo-select-0brand-search-channel"
                >
                  <div
                    class="ant-select-selector"
                  >
                    <span
                      class="ant-select-selection-search"
                      style="width: 0px;"
                    >
                      <input
                        aria-activedescendant="rc_select_TEST_OR_SSR_list_0"
                        aria-autocomplete="list"
                        aria-controls="rc_select_TEST_OR_SSR_list"
                        aria-haspopup="listbox"
                        aria-owns="rc_select_TEST_OR_SSR_list"
                        autocomplete="off"
                        class="ant-select-selection-search-input"
                        id="rc_select_TEST_OR_SSR"
                        readonly=""
                        role="combobox"
                        style="opacity: 0;"
                        type="search"
                        unselectable="on"
                        value=""
                      />
                      <span
                        aria-hidden="true"
                        class="ant-select-selection-search-mirror"
                      >
                        
                        Â 
                      </span>
                    </span>
                    <span
                      class="ant-select-selection-placeholder"
                    >
                      Please Select
                    </span>
                  </div>
                </div>
              </div>
            </div>
          </div>
        </div>
      </div>
      <button
        class="ant-btn ant-btn-link"
        type="button"
      >
        <span
          aria-label="plus-circle"
          class="anticon anticon-plus-circle"
          data-testid="add-storefront"
          role="img"
        >
          <svg
            aria-hidden="true"
            data-icon="plus-circle"
            fill="currentColor"
            focusable="false"
            height="1em"
            viewBox="64 64 896 896"
            width="1em"
          >
            <path
              d="M696 480H544V328c0-4.4-3.6-8-8-8h-48c-4.4 0-8 3.6-8 8v152H328c-4.4 0-8 3.6-8 8v48c0 4.4 3.6 8 8 8h152v152c0 4.4 3.6 8 8 8h48c4.4 0 8-3.6 8-8V544h152c4.4 0 8-3.6 8-8v-48c0-4.4-3.6-8-8-8z"
            />
            <path
              d="M512 64C264.6 64 64 264.6 64 512s200.6 448 448 448 448-200.6 448-448S759.4 64 512 64zm0 820c-205.4 0-372-166.6-372-372s166.6-372 372-372 372 166.6 372 372-166.6 372-372 372z"
            />
          </svg>
        </span>
        <span>
           
        </span>
      </button>
    </div>
  </div>
  <div
    class="ant-row"
    style="margin: -4px -4px 4px -4px;"
  >
    <div
      class="ant-col ant-col-6 col1-text"
      style="padding: 4px 4px 4px 4px;"
    />
    <div
      class="ant-col ant-col-18"
      style="padding: 4px 4px 4px 4px;"
    >
      <div
        class="ant-divider ant-divider-horizontal"
        role="separator"
      />
    </div>
  </div>
</form>
`;
