// Jest Snapshot v1, https://goo.gl/fbAQLP

exports[`Test UserConfirmation component create UserConfirmation Component snapshot matches or not 1`] = `<div />`;
