// Jest Snapshot v1, https://goo.gl/fbAQLP

exports[`UserManagementList component test create UserManagementList components snapshot 1`] = `
<div>
  <div
    class="ant-table-wrapper"
  >
    <div
      class="ant-spin-nested-loading"
    >
      <div
        class="ant-spin-container"
      >
        <div
          class="ant-table"
          data-testid="user-management-list-table"
        >
          <div
            class="ant-table-container"
          >
            <div
              class="ant-table-content"
            >
              <table
                style="table-layout: auto;"
              >
                <colgroup>
                  <col
                    style="width: 20%; min-width: 20%;"
                  />
                  <col
                    style="width: 40%; min-width: 40%;"
                  />
                  <col
                    style="width: 40%; min-width: 40%;"
                  />
                </colgroup>
                <thead
                  class="ant-table-thead"
                >
                  <tr>
                    <th
                      class="ant-table-cell"
                    >
                      Name
                    </th>
                    <th
                      class="ant-table-cell"
                    >
                      User Email Address
                    </th>
                    <th
                      class="ant-table-cell"
                    >
                      User Role
                    </th>
                    <th
                      class="ant-table-cell"
                    />
                  </tr>
                </thead>
                <tbody
                  class="ant-table-tbody"
                >
                  <tr
                    class="ant-table-row ant-table-row-level-0"
                  >
                    <td
                      class="ant-table-cell"
                    >
                      <div>
                        Swapnil Deshmukh
                      </div>
                    </td>
                    <td
                      class="ant-table-cell"
                    >
                      <div
                        class="ant-row"
                      >
                        swapnil.deshmukh@kognitiv.com
                      </div>
                    </td>
                    <td
                      class="ant-table-cell"
                    >
                      <div>
                        Admin
                         
                        
                      </div>
                    </td>
                    <td
                      class="ant-table-cell"
                    >
                      <div
                        class="ant-row ant-row-end"
                      >
                        <button
                          class="ant-btn ant-btn-text ant-btn-icon-only"
                          data-testid="swapnil.deshmukh@kognitiv.com-delete-user-btn"
                          type="button"
                        >
                          <span
                            aria-label="delete"
                            class="anticon anticon-delete"
                            role="img"
                          >
                            <svg
                              aria-hidden="true"
                              data-icon="delete"
                              fill="currentColor"
                              focusable="false"
                              height="1em"
                              viewBox="64 64 896 896"
                              width="1em"
                            >
                              <path
                                d="M864 256H736v-80c0-35.3-28.7-64-64-64H352c-35.3 0-64 28.7-64 64v80H160c-17.7 0-32 14.3-32 32v32c0 4.4 3.6 8 8 8h60.4l24.7 523c1.6 34.1 29.8 61 63.9 61h454c34.2 0 62.3-26.8 63.9-61l24.7-523H888c4.4 0 8-3.6 8-8v-32c0-17.7-14.3-32-32-32zm-200 0H360v-72h304v72z"
                              />
                            </svg>
                          </span>
                        </button>
                      </div>
                    </td>
                  </tr>
                </tbody>
              </table>
            </div>
          </div>
        </div>
        <ul
          class="ant-pagination ant-table-pagination ant-table-pagination-right"
          unselectable="unselectable"
        >
          <li
            class="ant-pagination-total-text"
          >
            <div
              class="ant-row ant-row-space-between"
            >
              <div
                class="ant-col"
              >
                Displaying
                  
                1
                 - 
                1
                 
                of
                  
                1
              </div>
              <div
                class="ant-col"
              >
                Row per page
                  
              </div>
            </div>
          </li>
          <li
            aria-disabled="true"
            class="ant-pagination-prev ant-pagination-disabled"
            title="Previous Page"
          >
            <button
              class="ant-pagination-item-link"
              disabled=""
              tabindex="-1"
              type="button"
            >
              <span
                aria-label="left"
                class="anticon anticon-left"
                role="img"
              >
                <svg
                  aria-hidden="true"
                  data-icon="left"
                  fill="currentColor"
                  focusable="false"
                  height="1em"
                  viewBox="64 64 896 896"
                  width="1em"
                >
                  <path
                    d="M724 218.3V141c0-6.7-7.7-10.4-12.9-6.3L260.3 486.8a31.86 31.86 0 000 50.3l450.8 352.1c5.3 4.1 12.9.4 12.9-6.3v-77.3c0-4.9-2.3-9.6-6.1-12.6l-360-281 360-281.1c3.8-3 6.1-7.7 6.1-12.6z"
                  />
                </svg>
              </span>
            </button>
          </li>
          <li
            class="ant-pagination-item ant-pagination-item-1 ant-pagination-item-active"
            tabindex="0"
            title="1"
          >
            <a
              rel="nofollow"
            >
              1
            </a>
          </li>
          <li
            aria-disabled="true"
            class="ant-pagination-next ant-pagination-disabled"
            title="Next Page"
          >
            <button
              class="ant-pagination-item-link"
              disabled=""
              tabindex="-1"
              type="button"
            >
              <span
                aria-label="right"
                class="anticon anticon-right"
                role="img"
              >
                <svg
                  aria-hidden="true"
                  data-icon="right"
                  fill="currentColor"
                  focusable="false"
                  height="1em"
                  viewBox="64 64 896 896"
                  width="1em"
                >
                  <path
                    d="M765.7 486.8L314.9 134.7A7.97 7.97 0 00302 141v77.3c0 4.9 2.3 9.6 6.1 12.6l360 281.1-360 281.1c-3.9 3-6.1 7.7-6.1 12.6V883c0 6.7 7.7 10.4 12.9 6.3l450.8-352.1a31.96 31.96 0 000-50.4z"
                  />
                </svg>
              </span>
            </button>
          </li>
          <li
            class="ant-pagination-options"
          >
            <div
              class="ant-select ant-pagination-options-size-changer ant-select-single ant-select-show-arrow"
            >
              <div
                class="ant-select-selector"
              >
                <span
                  class="ant-select-selection-search"
                >
                  <input
                    aria-activedescendant="rc_select_TEST_OR_SSR_list_0"
                    aria-autocomplete="list"
                    aria-controls="rc_select_TEST_OR_SSR_list"
                    aria-haspopup="listbox"
                    aria-owns="rc_select_TEST_OR_SSR_list"
                    autocomplete="off"
                    class="ant-select-selection-search-input"
                    id="rc_select_TEST_OR_SSR"
                    readonly=""
                    role="combobox"
                    style="opacity: 0;"
                    type="search"
                    unselectable="on"
                    value=""
                  />
                </span>
                <span
                  class="ant-select-selection-item"
                  title="10 / page"
                >
                  10 / page
                </span>
              </div>
              <span
                aria-hidden="true"
                class="ant-select-arrow"
                style="user-select: none;"
                unselectable="on"
              >
                <span
                  aria-label="down"
                  class="anticon anticon-down ant-select-suffix"
                  role="img"
                >
                  <svg
                    aria-hidden="true"
                    data-icon="down"
                    fill="currentColor"
                    focusable="false"
                    height="1em"
                    viewBox="64 64 896 896"
                    width="1em"
                  >
                    <path
                      d="M884 256h-75c-5.1 0-9.9 2.5-12.9 6.6L512 654.2 227.9 262.6c-3-4.1-7.8-6.6-12.9-6.6h-75c-6.5 0-10.3 7.4-6.5 12.7l352.6 486.1c12.8 17.6 39 17.6 51.7 0l352.6-486.1c3.9-5.3.1-12.7-6.4-12.7z"
                    />
                  </svg>
                </span>
              </span>
            </div>
          </li>
        </ul>
      </div>
    </div>
  </div>
</div>
`;
