// Jest Snapshot v1, https://goo.gl/fbAQLP

exports[`UserManagement component test create UserManagement components snapshot 1`] = `
<div>
  <div
    class="wrapper"
    data-testid="user-management-page"
  >
    <div
      class="ant-row ant-row-space-between"
    >
      <div
        class="ant-col"
      >
        <h2>
          User management
        </h2>
      </div>
    </div>
    <div
      class="ant-table-wrapper"
    >
      <div
        class="ant-spin-nested-loading"
      >
        <div
          class="ant-spin-container"
        >
          <div
            class="ant-table ant-table-empty"
            data-testid="user-management-list-table"
          >
            <div
              class="ant-table-container"
            >
              <div
                class="ant-table-content"
              >
                <table
                  style="table-layout: auto;"
                >
                  <colgroup>
                    <col
                      style="width: 20%; min-width: 20%;"
                    />
                    <col
                      style="width: 40%; min-width: 40%;"
                    />
                    <col
                      style="width: 40%; min-width: 40%;"
                    />
                  </colgroup>
                  <thead
                    class="ant-table-thead"
                  >
                    <tr>
                      <th
                        class="ant-table-cell"
                      >
                        Name
                      </th>
                      <th
                        class="ant-table-cell"
                      >
                        User Email Address
                      </th>
                      <th
                        class="ant-table-cell"
                      >
                        User Role
                      </th>
                      <th
                        class="ant-table-cell"
                      />
                    </tr>
                  </thead>
                  <tbody
                    class="ant-table-tbody"
                  >
                    <tr
                      class="ant-table-placeholder"
                    >
                      <td
                        class="ant-table-cell"
                        colspan="4"
                      >
                        <div
                          class="ant-empty ant-empty-normal"
                        >
                          <div
                            class="ant-empty-image"
                          >
                            <svg
                              class="ant-empty-img-simple"
                              height="41"
                              viewBox="0 0 64 41"
                              width="64"
                              xmlns="http://www.w3.org/2000/svg"
                            >
                              <g
                                fill="none"
                                fill-rule="evenodd"
                                transform="translate(0 1)"
                              >
                                <ellipse
                                  class="ant-empty-img-simple-ellipse"
                                  cx="32"
                                  cy="33"
                                  rx="32"
                                  ry="7"
                                />
                                <g
                                  class="ant-empty-img-simple-g"
                                  fill-rule="nonzero"
                                >
                                  <path
                                    d="M55 12.76L44.854 1.258C44.367.474 43.656 0 42.907 0H21.093c-.749 0-1.46.474-1.947 1.257L9 12.761V22h46v-9.24z"
                                  />
                                  <path
                                    class="ant-empty-img-simple-path"
                                    d="M41.613 15.931c0-1.605.994-2.93 2.227-2.931H55v18.137C55 33.26 53.68 35 52.05 35h-40.1C10.32 35 9 33.259 9 31.137V13h11.16c1.233 0 2.227 1.323 2.227 2.928v.022c0 1.605 1.005 2.901 2.237 2.901h14.752c1.232 0 2.237-1.308 2.237-2.913v-.007z"
                                  />
                                </g>
                              </g>
                            </svg>
                          </div>
                          <p
                            class="ant-empty-description"
                          >
                            No Data
                          </p>
                        </div>
                      </td>
                    </tr>
                  </tbody>
                </table>
              </div>
            </div>
          </div>
        </div>
      </div>
    </div>
    <div>
      <h3>
        User Role Description
      </h3>
      <div
        class="ant-table-wrapper"
      >
        <div
          class="ant-spin-nested-loading"
        >
          <div
            class="ant-spin-container"
          >
            <div
              class="ant-table ant-table-fixed-header"
              data-testid="user-role-list-table"
            >
              <div
                class="ant-table-container"
              >
                <div
                  class="ant-table-header"
                  style="overflow: hidden;"
                >
                  <table
                    style="table-layout: fixed; visibility: hidden;"
                  >
                    <colgroup />
                    <thead
                      class="ant-table-thead"
                    >
                      <tr>
                        <th
                          class="ant-table-cell"
                        >
                          Role Title
                        </th>
                        <th
                          class="ant-table-cell"
                        >
                          Definition
                        </th>
                      </tr>
                    </thead>
                  </table>
                </div>
                <div
                  class="ant-table-body"
                  style="overflow-y: scroll; max-height: 340px;"
                >
                  <table
                    style="table-layout: fixed;"
                  >
                    <colgroup>
                      <col
                        style="width: 30%; min-width: 30%;"
                      />
                      <col
                        style="width: 70%; min-width: 70%;"
                      />
                    </colgroup>
                    <tbody
                      class="ant-table-tbody"
                    >
                      <tr
                        aria-hidden="true"
                        class="ant-table-measure-row"
                        style="height: 0px; font-size: 0px;"
                      >
                        <td
                          style="padding: 0px; border: 0px; height: 0px;"
                        >
                          <div
                            style="height: 0px; overflow: hidden;"
                          >
                             
                          </div>
                        </td>
                        <td
                          style="padding: 0px; border: 0px; height: 0px;"
                        >
                          <div
                            style="height: 0px; overflow: hidden;"
                          >
                             
                          </div>
                        </td>
                      </tr>
                      <tr
                        class="ant-table-row ant-table-row-level-0"
                        data-row-key="1"
                      >
                        <td
                          class="ant-table-cell"
                        >
                          <div>
                            Admin
                          </div>
                        </td>
                        <td
                          class="ant-table-cell"
                        >
                          <div
                            class="ant-row"
                          >
                            Search supply, Create and manage offers, Add users
                          </div>
                        </td>
                      </tr>
                      <tr
                        class="ant-table-row ant-table-row-level-0"
                        data-row-key="2"
                      >
                        <td
                          class="ant-table-cell"
                        >
                          <div>
                            Editor
                          </div>
                        </td>
                        <td
                          class="ant-table-cell"
                        >
                          <div
                            class="ant-row"
                          >
                            Search supply, Create and manage offers
                          </div>
                        </td>
                      </tr>
                      <tr
                        class="ant-table-row ant-table-row-level-0"
                        data-row-key="3"
                      >
                        <td
                          class="ant-table-cell"
                        >
                          <div>
                            Viewer
                          </div>
                        </td>
                        <td
                          class="ant-table-cell"
                        >
                          <div
                            class="ant-row"
                          >
                            Search supply, only view offers
                          </div>
                        </td>
                      </tr>
                    </tbody>
                  </table>
                </div>
              </div>
            </div>
          </div>
        </div>
      </div>
    </div>
  </div>
</div>
`;
