// Jest Snapshot v1, https://goo.gl/fbAQLP

exports[`ActiveOffers component test create ActiveOffers components snapshot 1`] = `
<div
  class="ant-table-wrapper"
>
  <div
    class="ant-spin-nested-loading"
  >
    <div
      class="ant-spin-container"
    >
      <div
        class="ant-table"
        data-testid="active-offer-list-table"
      >
        <div
          class="ant-table-container"
        >
          <div
            class="ant-table-content"
          >
            <table
              style="table-layout: auto;"
            >
              <colgroup />
              <tbody
                class="ant-table-tbody"
              >
                <tr
                  class="ant-table-row ant-table-row-level-0"
                  data-row-key="16118406"
                >
                  <td
                    class="ant-table-cell"
                  >
                    <div
                      class="ant-row"
                      style="margin-left: -8px; margin-right: -8px;"
                    >
                      <div
                        class="ant-col ant-col-6"
                        style="padding-left: 8px; padding-right: 8px;"
                      >
                        <div
                          class="ant-empty ant-empty-normal"
                          data-testid="16118406-active-empty-image"
                        >
                          <div
                            class="ant-empty-image"
                          >
                            <svg
                              class="ant-empty-img-simple"
                              height="41"
                              viewBox="0 0 64 41"
                              width="64"
                              xmlns="http://www.w3.org/2000/svg"
                            >
                              <g
                                fill="none"
                                fill-rule="evenodd"
                                transform="translate(0 1)"
                              >
                                <ellipse
                                  class="ant-empty-img-simple-ellipse"
                                  cx="32"
                                  cy="33"
                                  rx="32"
                                  ry="7"
                                />
                                <g
                                  class="ant-empty-img-simple-g"
                                  fill-rule="nonzero"
                                >
                                  <path
                                    d="M55 12.76L44.854 1.258C44.367.474 43.656 0 42.907 0H21.093c-.749 0-1.46.474-1.947 1.257L9 12.761V22h46v-9.24z"
                                  />
                                  <path
                                    class="ant-empty-img-simple-path"
                                    d="M41.613 15.931c0-1.605.994-2.93 2.227-2.931H55v18.137C55 33.26 53.68 35 52.05 35h-40.1C10.32 35 9 33.259 9 31.137V13h11.16c1.233 0 2.227 1.323 2.227 2.928v.022c0 1.605 1.005 2.901 2.237 2.901h14.752c1.232 0 2.237-1.308 2.237-2.913v-.007z"
                                  />
                                </g>
                              </g>
                            </svg>
                          </div>
                          <p
                            class="ant-empty-description"
                          >
                            <span>
                              No Images
                               
                            </span>
                          </p>
                        </div>
                      </div>
                      <div
                        class="ant-col ant-col-11"
                        style="padding-left: 8px; padding-right: 8px;"
                      >
                        <div
                          class="ant-row"
                        >
                          <div
                            class="ant-col ant-col-24"
                          >
                            <button
                              class="ant-btn ant-btn-link"
                              type="button"
                            >
                              <strong>
                                Cypress Offer - Edit
                                 - 
                                16118406
                                 
                              </strong>
                            </button>
                          </div>
                          <div
                            class="ant-col ant-col-24"
                          >
                            <b>
                              Internal Demo Brand
                               - 
                              Best Travel
                            </b>
                          </div>
                          <div
                            class="ant-col ant-col-24"
                          >
                            <div
                              class="ant-row"
                              style="margin-left: -0.5px; margin-right: -0.5px;"
                            >
                              <div
                                class="ant-col ant-col-16"
                                style="padding-left: 0.5px; padding-right: 0.5px;"
                              >
                                <b>
                                  Properties
                                </b>
                                <div
                                  class="ant-list ant-list-split ant-list-grid"
                                  data-testid="16118406-active-offer-item-properties-list"
                                >
                                  <div
                                    class="ant-spin-nested-loading"
                                  >
                                    <div
                                      class="ant-spin-container"
                                    >
                                      <div
                                        class="ant-row"
                                        style="margin-left: -8px; margin-right: -8px;"
                                      >
                                        <div>
                                          <div
                                            class="ant-col"
                                            style="padding-left: 8px; padding-right: 8px; flex: 1 1 auto;"
                                          >
                                            <div
                                              class="ant-list-item"
                                            >
                                              <div>
                                                BANJARE & BANJARE STAR HOTEL
                                              </div>
                                            </div>
                                          </div>
                                        </div>
                                        <div>
                                          <div
                                            class="ant-col"
                                            style="padding-left: 8px; padding-right: 8px; flex: 1 1 auto;"
                                          >
                                            <div
                                              class="ant-list-item"
                                            >
                                              <div />
                                            </div>
                                          </div>
                                        </div>
                                      </div>
                                    </div>
                                  </div>
                                </div>
                              </div>
                              <div
                                class="ant-col ant-col-8"
                                style="padding-left: 0.5px; padding-right: 0.5px;"
                              >
                                <div
                                  class="ant-row"
                                  style="margin-top: -5px; margin-bottom: 5px;"
                                >
                                  <div
                                    class="ant-col"
                                    style="padding-top: 5px; padding-bottom: 5px;"
                                  >
                                    <b>
                                      Booking dates
                                    </b>
                                    <div>
                                      NA
                                    </div>
                                  </div>
                                </div>
                                <div
                                  class="ant-row"
                                >
                                  <div
                                    class="ant-col"
                                  >
                                    <b>
                                      Travel Dates
                                    </b>
                                    <div>
                                      NA
                                    </div>
                                  </div>
                                </div>
                              </div>
                            </div>
                          </div>
                        </div>
                      </div>
                      <div
                        class="ant-col ant-col-3"
                        style="padding-left: 8px; padding-right: 8px;"
                      >
                        <div
                          class="ant-row"
                        >
                          <b>
                            Created
                          </b>
                           
                          01/28/2021
                        </div>
                        <div
                          class="ant-row"
                          style="margin-top: -7.5px; margin-bottom: 7.5px;"
                        >
                          <div
                            class="ant-col"
                            style="padding-top: 7.5px; padding-bottom: 7.5px;"
                          />
                        </div>
                        <div
                          class="ant-row"
                        >
                          <div
                            class="ant-col ant-col-offset-10"
                          >
                            <div
                              class="ant-divider ant-divider-vertical"
                              role="separator"
                            />
                          </div>
                        </div>
                      </div>
                      <div
                        class="ant-col ant-col-4"
                        style="padding-left: 8px; padding-right: 8px;"
                      >
                        <div
                          class="ant-row"
                        >
                          <div
                            class="ant-col ant-col-14"
                          >
                            <span>
                              Unpublished
                            </span>
                          </div>
                          <div
                            class="ant-col ant-col-6"
                          >
                            <button
                              class="ant-btn ant-btn-text ant-btn-icon-only"
                              data-testid="16118406active-offer-item-edit-btn"
                              type="button"
                            >
                              <span
                                aria-label="edit"
                                class="anticon anticon-edit"
                                role="img"
                              >
                                <svg
                                  aria-hidden="true"
                                  data-icon="edit"
                                  fill="currentColor"
                                  focusable="false"
                                  height="1em"
                                  viewBox="64 64 896 896"
                                  width="1em"
                                >
                                  <path
                                    d="M880 836H144c-17.7 0-32 14.3-32 32v36c0 4.4 3.6 8 8 8h784c4.4 0 8-3.6 8-8v-36c0-17.7-14.3-32-32-32zm-622.3-84c2 0 4-.2 6-.5L431.9 722c2-.4 3.9-1.3 5.3-2.8l423.9-423.9a9.96 9.96 0 000-14.1L694.9 114.9c-1.9-1.9-4.4-2.9-7.1-2.9s-5.2 1-7.1 2.9L256.8 538.8c-1.5 1.5-2.4 3.3-2.8 5.3l-29.5 168.2a33.5 33.5 0 009.4 29.8c6.6 6.4 14.9 9.9 23.8 9.9z"
                                  />
                                </svg>
                              </span>
                            </button>
                          </div>
                          <div
                            class="ant-col ant-col-4"
                          >
                            <span
                              aria-label="more"
                              class="anticon anticon-more ant-dropdown-trigger"
                              data-testid="16118406-active-offer-item-menu-btn"
                              role="img"
                            >
                              <svg
                                aria-hidden="true"
                                data-icon="more"
                                fill="currentColor"
                                focusable="false"
                                height="1em"
                                viewBox="64 64 896 896"
                                width="1em"
                              >
                                <path
                                  d="M456 231a56 56 0 10112 0 56 56 0 10-112 0zm0 280a56 56 0 10112 0 56 56 0 10-112 0zm0 280a56 56 0 10112 0 56 56 0 10-112 0z"
                                />
                              </svg>
                            </span>
                          </div>
                        </div>
                        <div
                          class="ant-row"
                        >
                          <div
                            class="ant-col"
                          >
                            <span>
                              EUR
                            </span>
                          </div>
                        </div>
                      </div>
                    </div>
                  </td>
                </tr>
              </tbody>
            </table>
          </div>
        </div>
      </div>
    </div>
  </div>
</div>
`;
