// Jest Snapshot v1, https://goo.gl/fbAQLP

exports[`ChangeOfferStatusModal component test create ChangeOfferStatusModal components snapshot 1`] = `null`;
