// Jest Snapshot v1, https://goo.gl/fbAQLP

exports[`LanguageSettingsModal component test create LanguageSettingsModal components snapshot 1`] = `null`;
