// Jest Snapshot v1, https://goo.gl/fbAQLP

exports[`Marketing component test create Marketing components snapshot 1`] = `
<form
  class="ant-form ant-form-horizontal"
  data-testid="marketing-description-form"
>
  <div
    class="ant-row ant-row-space-between"
  >
    <div
      class="ant-col"
    >
      <h3>
        Offer marketing assets
      </h3>
    </div>
    <div
      class="ant-col"
    >
      <div>
        <button
          class="ant-btn ant-btn-primary ant-btn-background-ghost"
          data-testid="marketing-description-lang-settings-btn"
          type="button"
        >
          <span
            aria-label="setting"
            class="anticon anticon-setting"
            role="img"
          >
            <svg
              aria-hidden="true"
              data-icon="setting"
              fill="currentColor"
              focusable="false"
              height="1em"
              viewBox="64 64 896 896"
              width="1em"
            >
              <path
                d="M924.8 625.7l-65.5-56c3.1-19 4.7-38.4 4.7-57.8s-1.6-38.8-4.7-57.8l65.5-56a32.03 32.03 0 009.3-35.2l-.9-2.6a443.74 443.74 0 00-79.7-137.9l-1.8-2.1a32.12 32.12 0 00-35.1-9.5l-81.3 28.9c-30-24.6-63.5-44-99.7-57.6l-15.7-85a32.05 32.05 0 00-25.8-25.7l-2.7-.5c-52.1-9.4-106.9-9.4-159 0l-2.7.5a32.05 32.05 0 00-25.8 25.7l-15.8 85.4a351.86 351.86 0 00-99 57.4l-81.9-29.1a32 32 0 00-35.1 9.5l-1.8 2.1a446.02 446.02 0 00-79.7 137.9l-.9 2.6c-4.5 12.5-.8 26.5 9.3 35.2l66.3 56.6c-3.1 18.8-4.6 38-4.6 57.1 0 19.2 1.5 38.4 4.6 57.1L99 625.5a32.03 32.03 0 00-9.3 35.2l.9 2.6c18.1 50.4 44.9 96.9 79.7 137.9l1.8 2.1a32.12 32.12 0 0035.1 9.5l81.9-29.1c29.8 24.5 63.1 43.9 99 57.4l15.8 85.4a32.05 32.05 0 0025.8 25.7l2.7.5a449.4 449.4 0 00159 0l2.7-.5a32.05 32.05 0 0025.8-25.7l15.7-85a350 350 0 0099.7-57.6l81.3 28.9a32 32 0 0035.1-9.5l1.8-2.1c34.8-41.1 61.6-87.5 79.7-137.9l.9-2.6c4.5-12.3.8-26.3-9.3-35zM788.3 465.9c2.5 15.1 3.8 30.6 3.8 46.1s-1.3 31-3.8 46.1l-6.6 40.1 74.7 63.9a370.03 370.03 0 01-42.6 73.6L721 702.8l-31.4 25.8c-23.9 19.6-50.5 35-79.3 45.8l-38.1 14.3-17.9 97a377.5 377.5 0 01-85 0l-17.9-97.2-37.8-14.5c-28.5-10.8-55-26.2-78.7-45.7l-31.4-25.9-93.4 33.2c-17-22.9-31.2-47.6-42.6-73.6l75.5-64.5-6.5-40c-2.4-14.9-3.7-30.3-3.7-45.5 0-15.3 1.2-30.6 3.7-45.5l6.5-40-75.5-64.5c11.3-26.1 25.6-50.7 42.6-73.6l93.4 33.2 31.4-25.9c23.7-19.5 50.2-34.9 78.7-45.7l37.9-14.3 17.9-97.2c28.1-3.2 56.8-3.2 85 0l17.9 97 38.1 14.3c28.7 10.8 55.4 26.2 79.3 45.8l31.4 25.8 92.8-32.9c17 22.9 31.2 47.6 42.6 73.6L781.8 426l6.5 39.9zM512 326c-97.2 0-176 78.8-176 176s78.8 176 176 176 176-78.8 176-176-78.8-176-176-176zm79.2 255.2A111.6 111.6 0 01512 614c-29.9 0-58-11.7-79.2-32.8A111.6 111.6 0 01400 502c0-29.9 11.7-58 32.8-79.2C454 401.6 482.1 390 512 390c29.9 0 58 11.6 79.2 32.8A111.6 111.6 0 01624 502c0 29.9-11.7 58-32.8 79.2z"
              />
            </svg>
          </span>
          <span>
            Â 
          </span>
          Language Settings
        </button>
      </div>
    </div>
  </div>
  <div
    class="ant-tabs ant-tabs-top"
    data-testid="description-tab"
  >
    <div
      class="ant-tabs-nav"
      role="tablist"
    >
      <div
        class="ant-tabs-nav-wrap"
      >
        <div
          class="ant-tabs-nav-list"
          style="transform: translate(0px, 0px);"
        >
          <div
            class="ant-tabs-tab ant-tabs-tab-active"
          >
            <div
              aria-controls="rc-tabs-test-panel-EN"
              aria-selected="true"
              class="ant-tabs-tab-btn"
              id="rc-tabs-test-tab-EN"
              role="tab"
              tabindex="0"
            >
              English
            </div>
          </div>
          <div
            class="ant-tabs-ink-bar ant-tabs-ink-bar-animated"
          />
        </div>
      </div>
      <div
        class="ant-tabs-nav-operations ant-tabs-nav-operations-hidden"
      >
        <button
          aria-controls="rc-tabs-test-more-popup"
          aria-expanded="false"
          aria-haspopup="listbox"
          aria-hidden="true"
          class="ant-tabs-nav-more"
          id="rc-tabs-test-more"
          style="visibility: hidden; order: 1;"
          tabindex="-1"
          type="button"
        >
          <span
            aria-label="ellipsis"
            class="anticon anticon-ellipsis"
            role="img"
          >
            <svg
              aria-hidden="true"
              data-icon="ellipsis"
              fill="currentColor"
              focusable="false"
              height="1em"
              viewBox="64 64 896 896"
              width="1em"
            >
              <path
                d="M176 511a56 56 0 10112 0 56 56 0 10-112 0zm280 0a56 56 0 10112 0 56 56 0 10-112 0zm280 0a56 56 0 10112 0 56 56 0 10-112 0z"
              />
            </svg>
          </span>
        </button>
      </div>
    </div>
    <div
      class="ant-tabs-content-holder"
    >
      <div
        class="ant-tabs-content ant-tabs-content-top"
      >
        <div
          aria-hidden="false"
          aria-labelledby="rc-tabs-test-tab-EN"
          class="ant-tabs-tabpane ant-tabs-tabpane-active"
          id="rc-tabs-test-panel-EN"
          role="tabpanel"
          tabindex="0"
        >
          <div
            class="ant-row"
            style="margin: -4px -4px 4px -4px;"
          >
            <div
              class="ant-col ant-col-4"
              style="padding: 4px 4px 4px 4px;"
            >
              Title For Customers
            </div>
            <div
              class="ant-col ant-col-8"
              style="padding: 4px 4px 4px 4px;"
            >
              <div
                class="ant-row ant-form-item"
              >
                <div
                  class="ant-col ant-form-item-control"
                >
                  <div
                    class="ant-form-item-control-input"
                  >
                    <div
                      class="ant-form-item-control-input-content"
                    >
                      <input
                        class="ant-input"
                        data-testid="EN-offer-title"
                        id="EN_title"
                        maxlength="5000"
                        rows="1"
                        type="text"
                        value=""
                      />
                    </div>
                  </div>
                </div>
              </div>
            </div>
          </div>
          <div
            class="ant-row"
            style="margin: -4px -4px 4px -4px;"
          >
            <div
              class="ant-col ant-col-4"
              style="padding: 4px 4px 4px 4px;"
            >
              Description
            </div>
            <div
              class="ant-col ant-col-16"
              style="padding: 4px 4px 4px 4px;"
            >
              <div
                class="ant-row ant-form-item"
              >
                <div
                  class="ant-col ant-form-item-control"
                >
                  <div
                    class="ant-form-item-control-input"
                  >
                    <div
                      class="ant-form-item-control-input-content"
                    >
                      <textarea
                        class="ant-input"
                        data-testid="supplier-description-textarea"
                        id="EN_description"
                        maxlength="50000"
                        placeholder=""
                        rows="6"
                      />
                    </div>
                  </div>
                </div>
              </div>
            </div>
          </div>
          <div
            class="ant-row"
            style="margin: -4px -4px 4px -4px;"
          >
            <div
              class="ant-col ant-col-4"
              style="padding: 4px 4px 4px 4px;"
            >
              Short Description
            </div>
            <div
              class="ant-col ant-col-8"
              style="padding: 4px 4px 4px 4px;"
            >
              <div
                class="ant-row ant-form-item"
              >
                <div
                  class="ant-col ant-form-item-control"
                >
                  <div
                    class="ant-form-item-control-input"
                  >
                    <div
                      class="ant-form-item-control-input-content"
                    >
                      <input
                        class="ant-input"
                        data-testid="supplier-desc-input"
                        id="EN_shortDescription"
                        maxlength="5000"
                        placeholder=""
                        rows="1"
                        type="text"
                        value=""
                      />
                    </div>
                  </div>
                </div>
              </div>
            </div>
          </div>
          <div
            class="ant-row"
            style="margin: -4px -4px 4px -4px;"
          >
            <div
              class="ant-col ant-col-4"
              style="padding: 4px 4px 4px 4px;"
            >
              Terms And Conditions
            </div>
            <div
              class="ant-col ant-col-8"
              style="padding: 4px 4px 4px 4px;"
            >
              <div
                class="ant-row ant-form-item"
              >
                <div
                  class="ant-col ant-form-item-control"
                >
                  <div
                    class="ant-form-item-control-input"
                  >
                    <div
                      class="ant-form-item-control-input-content"
                    >
                      <textarea
                        class="ant-input"
                        id="EN_termsAndConditions"
                        maxlength="10000"
                        rows="3"
                      />
                    </div>
                  </div>
                </div>
              </div>
            </div>
          </div>
        </div>
      </div>
    </div>
  </div>
  <div
    class="ant-row ant-form-item"
  >
    <div
      class="ant-col ant-form-item-control"
    >
      <div
        class="ant-form-item-control-input"
      >
        <div
          class="ant-form-item-control-input-content"
        >
          <div
            class="ant-row"
            style="margin: -4px -4px 4px -4px;"
          >
            <div
              class="ant-col ant-col-4"
              style="padding: 4px 4px 4px 4px;"
            >
              Images
            </div>
            <div
              class="ant-col ant-col-20"
              style="padding: 4px 4px 4px 4px;"
            >
              <div
                class="ant-list ant-list-split ant-list-grid"
              >
                <div
                  class="ant-spin-nested-loading"
                >
                  <div
                    class="ant-spin-container"
                  >
                    <div
                      class="ant-row"
                      style="margin-left: -8px; margin-right: -8px;"
                    >
                      <div
                        style="width: 10%; max-width: 10%;"
                      >
                        <div
                          class="ant-col"
                          style="padding-left: 8px; padding-right: 8px; flex: 1 1 auto;"
                        >
                          <div
                            class="ant-list-item"
                          >
                            <div
                              class="ant-image"
                            >
                              <img
                                class="ant-image-img list-image"
                              />
                            </div>
                            <button
                              class="ant-btn ant-btn-text ant-btn-icon-only remove-image-btn"
                              data-testid="0-remove-image-btn"
                              type="button"
                            >
                              <span
                                aria-label="close"
                                class="anticon anticon-close remove-img-icon"
                                role="img"
                              >
                                <svg
                                  aria-hidden="true"
                                  data-icon="close"
                                  fill="currentColor"
                                  focusable="false"
                                  height="1em"
                                  viewBox="64 64 896 896"
                                  width="1em"
                                >
                                  <path
                                    d="M563.8 512l262.5-312.9c4.4-5.2.7-13.1-6.1-13.1h-79.8c-4.7 0-9.2 2.1-12.3 5.7L511.6 449.8 295.1 191.7c-3-3.6-7.5-5.7-12.3-5.7H203c-6.8 0-10.5 7.9-6.1 13.1L459.4 512 196.9 824.9A7.95 7.95 0 00203 838h79.8c4.7 0 9.2-2.1 12.3-5.7l216.5-258.1 216.5 258.1c3 3.6 7.5 5.7 12.3 5.7h79.8c6.8 0 10.5-7.9 6.1-13.1L563.8 512z"
                                  />
                                </svg>
                              </span>
                            </button>
                          </div>
                        </div>
                      </div>
                    </div>
                  </div>
                </div>
              </div>
              <button
                class="ant-btn ant-btn-primary ant-btn-background-ghost"
                data-testid="manage-offer-image-btn"
                type="button"
              >
                Add Images
              </button>
            </div>
          </div>
        </div>
      </div>
    </div>
  </div>
</form>
`;
