// Jest Snapshot v1, https://goo.gl/fbAQLP

exports[`OfferImagesCarousel component test create OfferImagesCarousel components snapshot 1`] = `<div />`;
