// Jest Snapshot v1, https://goo.gl/fbAQLP

exports[`OfferImageFilter component test create OfferImageFilter components snapshot 1`] = `
<div>
  <span
    class="ant-badge"
    data-testid="offers-image-filter-badge"
  >
    <button
      class="ant-btn ant-btn-text ant-btn-icon-only"
      data-testid="filter-ic-btn"
      type="button"
    >
      <span
        aria-label="filter"
        class="anticon anticon-filter filter-ic"
        role="img"
        size="20"
      >
        <svg
          aria-hidden="true"
          data-icon="filter"
          fill="currentColor"
          focusable="false"
          height="1em"
          viewBox="64 64 896 896"
          width="1em"
        >
          <path
            d="M349 838c0 17.7 14.2 32 31.8 32h262.4c17.6 0 31.8-14.3 31.8-32V642H349v196zm531.1-684H143.9c-24.5 0-39.8 26.7-27.5 48l221.3 376h348.8l221.3-376c12.1-21.3-3.2-48-27.7-48z"
          />
        </svg>
      </span>
    </button>
  </span>
</div>
`;
