// Jest Snapshot v1, https://goo.gl/fbAQLP

exports[`OfferImages component test create OfferImages components snapshot 1`] = `
<div>
  <div
    class="ant-row"
    style="margin: -4px -4px 4px -4px;"
  >
    <div
      class="ant-col ant-col-4"
      style="padding: 4px 4px 4px 4px;"
    >
      Images
    </div>
    <div
      class="ant-col ant-col-20"
      style="padding: 4px 4px 4px 4px;"
    >
      <div
        class="ant-list ant-list-split ant-list-grid"
      >
        <div
          class="ant-spin-nested-loading"
        >
          <div
            class="ant-spin-container"
          >
            <div
              class="ant-row"
              style="margin-left: -8px; margin-right: -8px;"
            >
              <div
                style="width: 10%; max-width: 10%;"
              >
                <div
                  class="ant-col"
                  style="padding-left: 8px; padding-right: 8px; flex: 1 1 auto;"
                >
                  <div
                    class="ant-list-item"
                  >
                    <div
                      class="ant-image"
                    >
                      <img
                        class="ant-image-img list-image"
                        src="https://res.cloudinary.com/seekda-dev/image/upload/v1617090314/offer_builder_dev/Screenshot%202021-03-30%20at%201-14-53%20PM.png"
                      />
                    </div>
                    <button
                      class="ant-btn ant-btn-text ant-btn-icon-only remove-image-btn"
                      data-testid="0-remove-image-btn"
                      type="button"
                    >
                      <span
                        aria-label="close"
                        class="anticon anticon-close remove-img-icon"
                        role="img"
                      >
                        <svg
                          aria-hidden="true"
                          data-icon="close"
                          fill="currentColor"
                          focusable="false"
                          height="1em"
                          viewBox="64 64 896 896"
                          width="1em"
                        >
                          <path
                            d="M563.8 512l262.5-312.9c4.4-5.2.7-13.1-6.1-13.1h-79.8c-4.7 0-9.2 2.1-12.3 5.7L511.6 449.8 295.1 191.7c-3-3.6-7.5-5.7-12.3-5.7H203c-6.8 0-10.5 7.9-6.1 13.1L459.4 512 196.9 824.9A7.95 7.95 0 00203 838h79.8c4.7 0 9.2-2.1 12.3-5.7l216.5-258.1 216.5 258.1c3 3.6 7.5 5.7 12.3 5.7h79.8c6.8 0 10.5-7.9 6.1-13.1L563.8 512z"
                          />
                        </svg>
                      </span>
                    </button>
                  </div>
                </div>
              </div>
            </div>
          </div>
        </div>
      </div>
      <button
        class="ant-btn ant-btn-primary ant-btn-background-ghost"
        data-testid="manage-offer-image-btn"
        type="button"
      >
        Add Images
      </button>
    </div>
  </div>
</div>
`;
