// Jest Snapshot v1, https://goo.gl/fbAQLP

exports[`OfferSelectedImages component test create OfferSelectedImages components snapshot 1`] = `
<div
  data-testid="selected-images-section"
>
  <div
    class="ant-row ant-row-space-between"
  >
    <div
      class="ant-col"
    >
      Selected images
      :
    </div>
    <div
      class="ant-col"
    >
      <button
        class="ant-btn ant-btn-link"
        data-testid="deselect-image-all-btn"
        type="button"
      >
        Deselect all
      </button>
    </div>
  </div>
  <div
    class="ant-list ant-list-split ant-list-grid"
  >
    <div
      class="ant-spin-nested-loading"
    >
      <div
        class="ant-spin-container"
      >
        <div
          class="ant-row"
          style="margin-left: -7px; margin-right: -7px;"
        >
          <div
            style="width: 10%; max-width: 10%;"
          >
            <div
              class="ant-col"
              style="padding-left: 7px; padding-right: 7px; flex: 1 1 auto;"
            >
              <div
                class="ant-list-item"
                data-testid="0-Screenshot 2021-03-30 at 1-14-53 PM.png-image-list-item"
              >
                <div
                  class="ant-image"
                >
                  <img
                    class="ant-image-img"
                    src="https://res.cloudinary.com/seekda-dev/image/upload/v1617090314/offer_builder_dev/Screenshot%202021-03-30%20at%201-14-53%20PM.png"
                  />
                </div>
                <button
                  class="ant-btn ant-btn-text ant-btn-icon-only"
                  data-testid="0-remove-image-btn"
                  type="button"
                >
                  <span
                    aria-label="close"
                    class="anticon anticon-close"
                    role="img"
                  >
                    <svg
                      aria-hidden="true"
                      data-icon="close"
                      fill="currentColor"
                      focusable="false"
                      height="1em"
                      viewBox="64 64 896 896"
                      width="1em"
                    >
                      <path
                        d="M563.8 512l262.5-312.9c4.4-5.2.7-13.1-6.1-13.1h-79.8c-4.7 0-9.2 2.1-12.3 5.7L511.6 449.8 295.1 191.7c-3-3.6-7.5-5.7-12.3-5.7H203c-6.8 0-10.5 7.9-6.1 13.1L459.4 512 196.9 824.9A7.95 7.95 0 00203 838h79.8c4.7 0 9.2-2.1 12.3-5.7l216.5-258.1 216.5 258.1c3 3.6 7.5 5.7 12.3 5.7h79.8c6.8 0 10.5-7.9 6.1-13.1L563.8 512z"
                      />
                    </svg>
                  </span>
                </button>
              </div>
            </div>
          </div>
          <div
            style="width: 10%; max-width: 10%;"
          >
            <div
              class="ant-col"
              style="padding-left: 7px; padding-right: 7px; flex: 1 1 auto;"
            >
              <div
                class="ant-list-item"
                data-testid="1-Screenshot 2021-03-24 at 2-46-07 PM.png-image-list-item"
              >
                <div
                  class="ant-image"
                >
                  <img
                    class="ant-image-img"
                    src="https://res.cloudinary.com/seekda-dev/image/upload/v1616688146/offer_builder_dev/Screenshot%202021-03-24%20at%202-46-07%20PM.png"
                  />
                </div>
                <button
                  class="ant-btn ant-btn-text ant-btn-icon-only"
                  data-testid="1-remove-image-btn"
                  type="button"
                >
                  <span
                    aria-label="close"
                    class="anticon anticon-close"
                    role="img"
                  >
                    <svg
                      aria-hidden="true"
                      data-icon="close"
                      fill="currentColor"
                      focusable="false"
                      height="1em"
                      viewBox="64 64 896 896"
                      width="1em"
                    >
                      <path
                        d="M563.8 512l262.5-312.9c4.4-5.2.7-13.1-6.1-13.1h-79.8c-4.7 0-9.2 2.1-12.3 5.7L511.6 449.8 295.1 191.7c-3-3.6-7.5-5.7-12.3-5.7H203c-6.8 0-10.5 7.9-6.1 13.1L459.4 512 196.9 824.9A7.95 7.95 0 00203 838h79.8c4.7 0 9.2-2.1 12.3-5.7l216.5-258.1 216.5 258.1c3 3.6 7.5 5.7 12.3 5.7h79.8c6.8 0 10.5-7.9 6.1-13.1L563.8 512z"
                      />
                    </svg>
                  </span>
                </button>
              </div>
            </div>
          </div>
          <div
            style="width: 10%; max-width: 10%;"
          >
            <div
              class="ant-col"
              style="padding-left: 7px; padding-right: 7px; flex: 1 1 auto;"
            >
              <div
                class="ant-list-item"
                data-testid="2-Screenshot 2021-03-24 at 1-30-49 PM.png-image-list-item"
              >
                <div
                  class="ant-image"
                >
                  <img
                    class="ant-image-img"
                    src="https://res.cloudinary.com/seekda-dev/image/upload/v1616688107/offer_builder_dev/Screenshot%202021-03-24%20at%201-30-49%20PM.png"
                  />
                </div>
                <button
                  class="ant-btn ant-btn-text ant-btn-icon-only"
                  data-testid="2-remove-image-btn"
                  type="button"
                >
                  <span
                    aria-label="close"
                    class="anticon anticon-close"
                    role="img"
                  >
                    <svg
                      aria-hidden="true"
                      data-icon="close"
                      fill="currentColor"
                      focusable="false"
                      height="1em"
                      viewBox="64 64 896 896"
                      width="1em"
                    >
                      <path
                        d="M563.8 512l262.5-312.9c4.4-5.2.7-13.1-6.1-13.1h-79.8c-4.7 0-9.2 2.1-12.3 5.7L511.6 449.8 295.1 191.7c-3-3.6-7.5-5.7-12.3-5.7H203c-6.8 0-10.5 7.9-6.1 13.1L459.4 512 196.9 824.9A7.95 7.95 0 00203 838h79.8c4.7 0 9.2-2.1 12.3-5.7l216.5-258.1 216.5 258.1c3 3.6 7.5 5.7 12.3 5.7h79.8c6.8 0 10.5-7.9 6.1-13.1L563.8 512z"
                      />
                    </svg>
                  </span>
                </button>
              </div>
            </div>
          </div>
        </div>
      </div>
    </div>
  </div>
  <div
    class="ant-row"
  >
    <div
      data-testid="selected-images-name-list"
    >
      <span>
        These images already exist in the library and will be used in offer
         
      </span>
       
      :
      
      <button
        class="ant-btn ant-btn-link ant-btn-sm"
        data-testid="0-selected-image-name"
        type="button"
      >
        <span>
          Screenshot%202021-03-30%20at%201-14-53%20PM.png
        </span>
      </button>
      ,
      <button
        class="ant-btn ant-btn-link ant-btn-sm"
        data-testid="1-selected-image-name"
        type="button"
      >
        <span>
          Screenshot%202021-03-24%20at%202-46-07%20PM.png
        </span>
      </button>
      ,
      <button
        class="ant-btn ant-btn-link ant-btn-sm"
        data-testid="2-selected-image-name"
        type="button"
      >
        <span>
          Screenshot%202021-03-24%20at%201-30-49%20PM.png
        </span>
      </button>
    </div>
  </div>
</div>
`;
