// Jest Snapshot v1, https://goo.gl/fbAQLP

exports[`OfferImageSelectionModal component test create OfferImageSelectionModal components snapshot 1`] = `<div />`;
