// Jest Snapshot v1, https://goo.gl/fbAQLP

exports[`PropertyImageSelectionModal component test create PropertyImageSelectionModal components snapshot 1`] = `
<div
  id="img-wrapper"
/>
`;
