// Jest Snapshot v1, https://goo.gl/fbAQLP

exports[`PropertyImageCarousel component test create PropertyImageCarousel components snapshot 1`] = `<div />`;
