// Jest Snapshot v1, https://goo.gl/fbAQLP

exports[`PropertyDetailInfoPage component test PropertyDetailInfoPage should get property info from session storage and get a snapshot 1`] = `
<div>
  <div
    class="ant-row"
  >
    <div
      class="ant-col ant-col-24"
    >
      <button
        class="ant-btn ant-btn-text"
        data-testid="property-info-back-btn"
        type="button"
      >
        <span
          aria-label="arrow-left"
          class="anticon anticon-arrow-left"
          role="img"
        >
          <svg
            aria-hidden="true"
            data-icon="arrow-left"
            fill="currentColor"
            focusable="false"
            height="1em"
            viewBox="64 64 896 896"
            width="1em"
          >
            <path
              d="M872 474H286.9l350.2-304c5.6-4.9 2.2-14-5.2-14h-88.5c-3.9 0-7.6 1.4-10.5 3.9L155 487.8a31.96 31.96 0 000 48.3L535.1 866c1.5 1.3 3.3 2 5.2 2h91.5c7.4 0 10.8-9.2 5.2-14L286.9 550H872c4.4 0 8-3.6 8-8v-60c0-4.4-3.6-8-8-8z"
            />
          </svg>
        </span>
      </button>
      <span>
        Hotel Paradise PKM
      </span>
    </div>
  </div>
  <div
    class="ant-row"
    style="margin: -4px -4px 4px -4px;"
  >
    <div
      class="ant-col ant-col-24"
      style="padding: 4px 4px 4px 4px;"
    >
      <div
        class="ant-image"
        data-testid="property-image-0"
      >
        <img
          class="ant-image-img"
          src="https://res.cloudinary.com/seekda-dev/image/upload/w_1920,h_1080,c_fill,f_auto,fl_lossy,q_auto/development/DEMO_PKM_002/Screenshot_2020-03-06_at_5-17-37_PM.png"
        />
      </div>
    </div>
  </div>
  <div
    class="ant-row"
  >
    <div
      class="ant-col ant-col-5"
    >
      <div
        data-testid="property-details-lcn"
      >
        Local Capital Network
      </div>
      <div>
        Address
      </div>
      <div
        data-testid="property-details-address"
      >
        Vienna
        ,Â 
        Austria
      </div>
      <div>
        Star rating
      </div>
      <ul
        class="ant-rate ant-rate-disabled"
        role="radiogroup"
        tabindex="-1"
      >
        <li
          class="ant-rate-star ant-rate-star-full"
        >
          <div
            aria-checked="true"
            aria-posinset="1"
            aria-setsize="5"
            role="radio"
            tabindex="-1"
          >
            <div
              class="ant-rate-star-first"
            >
              <span
                aria-label="star"
                class="anticon anticon-star"
                role="img"
              >
                <svg
                  aria-hidden="true"
                  data-icon="star"
                  fill="currentColor"
                  focusable="false"
                  height="1em"
                  viewBox="64 64 896 896"
                  width="1em"
                >
                  <path
                    d="M908.1 353.1l-253.9-36.9L540.7 86.1c-3.1-6.3-8.2-11.4-14.5-14.5-15.8-7.8-35-1.3-42.9 14.5L369.8 316.2l-253.9 36.9c-7 1-13.4 4.3-18.3 9.3a32.05 32.05 0 00.6 45.3l183.7 179.1-43.4 252.9a31.95 31.95 0 0046.4 33.7L512 754l227.1 119.4c6.2 3.3 13.4 4.4 20.3 3.2 17.4-3 29.1-19.5 26.1-36.9l-43.4-252.9 183.7-179.1c5-4.9 8.3-11.3 9.3-18.3 2.7-17.5-9.5-33.7-27-36.3z"
                  />
                </svg>
              </span>
            </div>
            <div
              class="ant-rate-star-second"
            >
              <span
                aria-label="star"
                class="anticon anticon-star"
                role="img"
              >
                <svg
                  aria-hidden="true"
                  data-icon="star"
                  fill="currentColor"
                  focusable="false"
                  height="1em"
                  viewBox="64 64 896 896"
                  width="1em"
                >
                  <path
                    d="M908.1 353.1l-253.9-36.9L540.7 86.1c-3.1-6.3-8.2-11.4-14.5-14.5-15.8-7.8-35-1.3-42.9 14.5L369.8 316.2l-253.9 36.9c-7 1-13.4 4.3-18.3 9.3a32.05 32.05 0 00.6 45.3l183.7 179.1-43.4 252.9a31.95 31.95 0 0046.4 33.7L512 754l227.1 119.4c6.2 3.3 13.4 4.4 20.3 3.2 17.4-3 29.1-19.5 26.1-36.9l-43.4-252.9 183.7-179.1c5-4.9 8.3-11.3 9.3-18.3 2.7-17.5-9.5-33.7-27-36.3z"
                  />
                </svg>
              </span>
            </div>
          </div>
        </li>
        <li
          class="ant-rate-star ant-rate-star-full"
        >
          <div
            aria-checked="true"
            aria-posinset="2"
            aria-setsize="5"
            role="radio"
            tabindex="-1"
          >
            <div
              class="ant-rate-star-first"
            >
              <span
                aria-label="star"
                class="anticon anticon-star"
                role="img"
              >
                <svg
                  aria-hidden="true"
                  data-icon="star"
                  fill="currentColor"
                  focusable="false"
                  height="1em"
                  viewBox="64 64 896 896"
                  width="1em"
                >
                  <path
                    d="M908.1 353.1l-253.9-36.9L540.7 86.1c-3.1-6.3-8.2-11.4-14.5-14.5-15.8-7.8-35-1.3-42.9 14.5L369.8 316.2l-253.9 36.9c-7 1-13.4 4.3-18.3 9.3a32.05 32.05 0 00.6 45.3l183.7 179.1-43.4 252.9a31.95 31.95 0 0046.4 33.7L512 754l227.1 119.4c6.2 3.3 13.4 4.4 20.3 3.2 17.4-3 29.1-19.5 26.1-36.9l-43.4-252.9 183.7-179.1c5-4.9 8.3-11.3 9.3-18.3 2.7-17.5-9.5-33.7-27-36.3z"
                  />
                </svg>
              </span>
            </div>
            <div
              class="ant-rate-star-second"
            >
              <span
                aria-label="star"
                class="anticon anticon-star"
                role="img"
              >
                <svg
                  aria-hidden="true"
                  data-icon="star"
                  fill="currentColor"
                  focusable="false"
                  height="1em"
                  viewBox="64 64 896 896"
                  width="1em"
                >
                  <path
                    d="M908.1 353.1l-253.9-36.9L540.7 86.1c-3.1-6.3-8.2-11.4-14.5-14.5-15.8-7.8-35-1.3-42.9 14.5L369.8 316.2l-253.9 36.9c-7 1-13.4 4.3-18.3 9.3a32.05 32.05 0 00.6 45.3l183.7 179.1-43.4 252.9a31.95 31.95 0 0046.4 33.7L512 754l227.1 119.4c6.2 3.3 13.4 4.4 20.3 3.2 17.4-3 29.1-19.5 26.1-36.9l-43.4-252.9 183.7-179.1c5-4.9 8.3-11.3 9.3-18.3 2.7-17.5-9.5-33.7-27-36.3z"
                  />
                </svg>
              </span>
            </div>
          </div>
        </li>
        <li
          class="ant-rate-star ant-rate-star-full"
        >
          <div
            aria-checked="true"
            aria-posinset="3"
            aria-setsize="5"
            role="radio"
            tabindex="-1"
          >
            <div
              class="ant-rate-star-first"
            >
              <span
                aria-label="star"
                class="anticon anticon-star"
                role="img"
              >
                <svg
                  aria-hidden="true"
                  data-icon="star"
                  fill="currentColor"
                  focusable="false"
                  height="1em"
                  viewBox="64 64 896 896"
                  width="1em"
                >
                  <path
                    d="M908.1 353.1l-253.9-36.9L540.7 86.1c-3.1-6.3-8.2-11.4-14.5-14.5-15.8-7.8-35-1.3-42.9 14.5L369.8 316.2l-253.9 36.9c-7 1-13.4 4.3-18.3 9.3a32.05 32.05 0 00.6 45.3l183.7 179.1-43.4 252.9a31.95 31.95 0 0046.4 33.7L512 754l227.1 119.4c6.2 3.3 13.4 4.4 20.3 3.2 17.4-3 29.1-19.5 26.1-36.9l-43.4-252.9 183.7-179.1c5-4.9 8.3-11.3 9.3-18.3 2.7-17.5-9.5-33.7-27-36.3z"
                  />
                </svg>
              </span>
            </div>
            <div
              class="ant-rate-star-second"
            >
              <span
                aria-label="star"
                class="anticon anticon-star"
                role="img"
              >
                <svg
                  aria-hidden="true"
                  data-icon="star"
                  fill="currentColor"
                  focusable="false"
                  height="1em"
                  viewBox="64 64 896 896"
                  width="1em"
                >
                  <path
                    d="M908.1 353.1l-253.9-36.9L540.7 86.1c-3.1-6.3-8.2-11.4-14.5-14.5-15.8-7.8-35-1.3-42.9 14.5L369.8 316.2l-253.9 36.9c-7 1-13.4 4.3-18.3 9.3a32.05 32.05 0 00.6 45.3l183.7 179.1-43.4 252.9a31.95 31.95 0 0046.4 33.7L512 754l227.1 119.4c6.2 3.3 13.4 4.4 20.3 3.2 17.4-3 29.1-19.5 26.1-36.9l-43.4-252.9 183.7-179.1c5-4.9 8.3-11.3 9.3-18.3 2.7-17.5-9.5-33.7-27-36.3z"
                  />
                </svg>
              </span>
            </div>
          </div>
        </li>
        <li
          class="ant-rate-star ant-rate-star-full"
        >
          <div
            aria-checked="true"
            aria-posinset="4"
            aria-setsize="5"
            role="radio"
            tabindex="-1"
          >
            <div
              class="ant-rate-star-first"
            >
              <span
                aria-label="star"
                class="anticon anticon-star"
                role="img"
              >
                <svg
                  aria-hidden="true"
                  data-icon="star"
                  fill="currentColor"
                  focusable="false"
                  height="1em"
                  viewBox="64 64 896 896"
                  width="1em"
                >
                  <path
                    d="M908.1 353.1l-253.9-36.9L540.7 86.1c-3.1-6.3-8.2-11.4-14.5-14.5-15.8-7.8-35-1.3-42.9 14.5L369.8 316.2l-253.9 36.9c-7 1-13.4 4.3-18.3 9.3a32.05 32.05 0 00.6 45.3l183.7 179.1-43.4 252.9a31.95 31.95 0 0046.4 33.7L512 754l227.1 119.4c6.2 3.3 13.4 4.4 20.3 3.2 17.4-3 29.1-19.5 26.1-36.9l-43.4-252.9 183.7-179.1c5-4.9 8.3-11.3 9.3-18.3 2.7-17.5-9.5-33.7-27-36.3z"
                  />
                </svg>
              </span>
            </div>
            <div
              class="ant-rate-star-second"
            >
              <span
                aria-label="star"
                class="anticon anticon-star"
                role="img"
              >
                <svg
                  aria-hidden="true"
                  data-icon="star"
                  fill="currentColor"
                  focusable="false"
                  height="1em"
                  viewBox="64 64 896 896"
                  width="1em"
                >
                  <path
                    d="M908.1 353.1l-253.9-36.9L540.7 86.1c-3.1-6.3-8.2-11.4-14.5-14.5-15.8-7.8-35-1.3-42.9 14.5L369.8 316.2l-253.9 36.9c-7 1-13.4 4.3-18.3 9.3a32.05 32.05 0 00.6 45.3l183.7 179.1-43.4 252.9a31.95 31.95 0 0046.4 33.7L512 754l227.1 119.4c6.2 3.3 13.4 4.4 20.3 3.2 17.4-3 29.1-19.5 26.1-36.9l-43.4-252.9 183.7-179.1c5-4.9 8.3-11.3 9.3-18.3 2.7-17.5-9.5-33.7-27-36.3z"
                  />
                </svg>
              </span>
            </div>
          </div>
        </li>
        <li
          class="ant-rate-star ant-rate-star-full"
        >
          <div
            aria-checked="true"
            aria-posinset="5"
            aria-setsize="5"
            role="radio"
            tabindex="-1"
          >
            <div
              class="ant-rate-star-first"
            >
              <span
                aria-label="star"
                class="anticon anticon-star"
                role="img"
              >
                <svg
                  aria-hidden="true"
                  data-icon="star"
                  fill="currentColor"
                  focusable="false"
                  height="1em"
                  viewBox="64 64 896 896"
                  width="1em"
                >
                  <path
                    d="M908.1 353.1l-253.9-36.9L540.7 86.1c-3.1-6.3-8.2-11.4-14.5-14.5-15.8-7.8-35-1.3-42.9 14.5L369.8 316.2l-253.9 36.9c-7 1-13.4 4.3-18.3 9.3a32.05 32.05 0 00.6 45.3l183.7 179.1-43.4 252.9a31.95 31.95 0 0046.4 33.7L512 754l227.1 119.4c6.2 3.3 13.4 4.4 20.3 3.2 17.4-3 29.1-19.5 26.1-36.9l-43.4-252.9 183.7-179.1c5-4.9 8.3-11.3 9.3-18.3 2.7-17.5-9.5-33.7-27-36.3z"
                  />
                </svg>
              </span>
            </div>
            <div
              class="ant-rate-star-second"
            >
              <span
                aria-label="star"
                class="anticon anticon-star"
                role="img"
              >
                <svg
                  aria-hidden="true"
                  data-icon="star"
                  fill="currentColor"
                  focusable="false"
                  height="1em"
                  viewBox="64 64 896 896"
                  width="1em"
                >
                  <path
                    d="M908.1 353.1l-253.9-36.9L540.7 86.1c-3.1-6.3-8.2-11.4-14.5-14.5-15.8-7.8-35-1.3-42.9 14.5L369.8 316.2l-253.9 36.9c-7 1-13.4 4.3-18.3 9.3a32.05 32.05 0 00.6 45.3l183.7 179.1-43.4 252.9a31.95 31.95 0 0046.4 33.7L512 754l227.1 119.4c6.2 3.3 13.4 4.4 20.3 3.2 17.4-3 29.1-19.5 26.1-36.9l-43.4-252.9 183.7-179.1c5-4.9 8.3-11.3 9.3-18.3 2.7-17.5-9.5-33.7-27-36.3z"
                  />
                </svg>
              </span>
            </div>
          </div>
        </li>
      </ul>
      <div>
        "
        Trust you
        "
         
        rating
      </div>
      <div
        class="ant-row"
      >
        <span
          data-testid="property-details-trust-you"
        >
          Poor
        </span>
        <span>
          66
        </span>
      </div>
      <div
        class="ant-row"
        data-testid="property-trust-you-review"
      >
        Based On
        Â 
        442
        Â 
        Reviews
      </div>
    </div>
    <div
      class="ant-col ant-col-1"
    />
    <div
      class="ant-col ant-col-18"
    >
      <div>
        Featuring an open-air swimming pool, a fitness center
      </div>
    </div>
  </div>
  <div
    class="ant-divider ant-divider-horizontal"
    role="separator"
  />
</div>
`;
