// Jest Snapshot v1, https://goo.gl/fbAQLP

exports[`PropertySelectionCarousel component test create PropertySelectionCarousel components snapshot 1`] = `<div />`;
