// Jest Snapshot v1, https://goo.gl/fbAQLP

exports[`SettingsPropertyList component test create SettingsPropertyList components snapshot 1`] = `
<div
  class="ant-table-wrapper settings-property-list"
>
  <div
    class="ant-spin-nested-loading"
  >
    <div
      class="ant-spin-container"
    >
      <div
        class="ant-table ant-table-fixed-header"
        data-testid="property-list-table"
      >
        <div
          class="ant-table-container"
        >
          <div
            class="ant-table-header"
            style="overflow: hidden;"
          >
            <table
              style="table-layout: fixed; visibility: hidden;"
            >
              <colgroup />
              <thead
                class="ant-table-thead"
              >
                <tr>
                  <th
                    class="ant-table-cell"
                  />
                  <th
                    class="ant-table-cell"
                  >
                    Properties
                  </th>
                  <th
                    class="ant-table-cell settings-property-list-item"
                  >
                    Location
                  </th>
                  <th
                    class="ant-table-cell"
                  >
                    Margin
                  </th>
                  <th
                    class="ant-table-cell settings-property-list-item"
                  >
                    Supplier
                  </th>
                  <th
                    class="ant-table-cell settings-property-list-item"
                  >
                    LCN
                  </th>
                  <th
                    class="ant-table-cell settings-property-list-item"
                  >
                    Capital Pool
                  </th>
                  <th
                    class="ant-table-cell"
                  />
                </tr>
              </thead>
            </table>
          </div>
          <div
            class="ant-table-body"
            style="overflow-y: scroll; max-height: 340px;"
          >
            <table
              style="table-layout: fixed;"
            >
              <colgroup>
                <col
                  style="width: 6%; min-width: 6%;"
                />
                <col
                  style="width: 25%; min-width: 25%;"
                />
                <col
                  style="width: 15%; min-width: 15%;"
                />
                <col
                  style="width: 10%; min-width: 10%;"
                />
                <col
                  style="width: 14%; min-width: 14%;"
                />
                <col
                  style="width: 8%; min-width: 8%;"
                />
                <col
                  style="width: 17%; min-width: 17%;"
                />
                <col
                  style="width: 5%; min-width: 5%;"
                />
              </colgroup>
              <tbody
                class="ant-table-tbody"
              >
                <tr
                  aria-hidden="true"
                  class="ant-table-measure-row"
                  style="height: 0px; font-size: 0px;"
                >
                  <td
                    style="padding: 0px; border: 0px; height: 0px;"
                  >
                    <div
                      style="height: 0px; overflow: hidden;"
                    >
                       
                    </div>
                  </td>
                  <td
                    style="padding: 0px; border: 0px; height: 0px;"
                  >
                    <div
                      style="height: 0px; overflow: hidden;"
                    >
                       
                    </div>
                  </td>
                  <td
                    style="padding: 0px; border: 0px; height: 0px;"
                  >
                    <div
                      style="height: 0px; overflow: hidden;"
                    >
                       
                    </div>
                  </td>
                  <td
                    style="padding: 0px; border: 0px; height: 0px;"
                  >
                    <div
                      style="height: 0px; overflow: hidden;"
                    >
                       
                    </div>
                  </td>
                  <td
                    style="padding: 0px; border: 0px; height: 0px;"
                  >
                    <div
                      style="height: 0px; overflow: hidden;"
                    >
                       
                    </div>
                  </td>
                  <td
                    style="padding: 0px; border: 0px; height: 0px;"
                  >
                    <div
                      style="height: 0px; overflow: hidden;"
                    >
                       
                    </div>
                  </td>
                  <td
                    style="padding: 0px; border: 0px; height: 0px;"
                  >
                    <div
                      style="height: 0px; overflow: hidden;"
                    >
                       
                    </div>
                  </td>
                  <td
                    style="padding: 0px; border: 0px; height: 0px;"
                  >
                    <div
                      style="height: 0px; overflow: hidden;"
                    >
                       
                    </div>
                  </td>
                </tr>
                <tr
                  data-row-key="DEMO_JEEVAN-0true"
                >
                  <td
                    class="ant-table-cell ant-table-cell-with-append"
                  >
                    <span
                      class="ant-table-row-indent indent-level-0"
                      style="padding-left: 0px;"
                    />
                    <div>
                      <span
                        aria-label="menu"
                        class="anticon anticon-menu"
                        role="img"
                      >
                        <svg
                          aria-hidden="true"
                          data-icon="menu"
                          fill="currentColor"
                          focusable="false"
                          height="1em"
                          viewBox="64 64 896 896"
                          width="1em"
                        >
                          <path
                            d="M904 160H120c-4.4 0-8 3.6-8 8v64c0 4.4 3.6 8 8 8h784c4.4 0 8-3.6 8-8v-64c0-4.4-3.6-8-8-8zm0 624H120c-4.4 0-8 3.6-8 8v64c0 4.4 3.6 8 8 8h784c4.4 0 8-3.6 8-8v-64c0-4.4-3.6-8-8-8zm0-312H120c-4.4 0-8 3.6-8 8v64c0 4.4 3.6 8 8 8h784c4.4 0 8-3.6 8-8v-64c0-4.4-3.6-8-8-8z"
                          />
                        </svg>
                      </span>
                    </div>
                  </td>
                  <td
                    class="ant-table-cell"
                  >
                    <div>
                      AJSG Hotel
                    </div>
                  </td>
                  <td
                    class="ant-table-cell settings-property-list-item"
                  >
                    <div
                      class="ant-row"
                    >
                      Vienna
                      , 
                      Austria
                        
                    </div>
                  </td>
                  <td
                    class="ant-table-cell"
                  >
                    <div
                      class="ant-row"
                    >
                      11 %
                    </div>
                  </td>
                  <td
                    class="ant-table-cell settings-property-list-item"
                  >
                    <div
                      class="ant-row"
                    >
                      NTP
                      -
                      NEMO_CH_06
                    </div>
                  </td>
                  <td
                    class="ant-table-cell settings-property-list-item"
                  >
                    <div
                      class="ant-row"
                    />
                  </td>
                  <td
                    class="ant-table-cell settings-property-list-item"
                  />
                  <td
                    class="ant-table-cell"
                  >
                    <div
                      class="ant-row ant-row-end"
                    >
                      <button
                        class="ant-btn ant-btn-text ant-btn-icon-only"
                        type="button"
                      >
                        <span
                          aria-label="delete"
                          class="anticon anticon-delete"
                          data-testid="delete-filled-icon"
                          role="img"
                          tabindex="-1"
                        >
                          <svg
                            aria-hidden="true"
                            data-icon="delete"
                            fill="currentColor"
                            focusable="false"
                            height="1em"
                            viewBox="64 64 896 896"
                            width="1em"
                          >
                            <path
                              d="M864 256H736v-80c0-35.3-28.7-64-64-64H352c-35.3 0-64 28.7-64 64v80H160c-17.7 0-32 14.3-32 32v32c0 4.4 3.6 8 8 8h60.4l24.7 523c1.6 34.1 29.8 61 63.9 61h454c34.2 0 62.3-26.8 63.9-61l24.7-523H888c4.4 0 8-3.6 8-8v-32c0-17.7-14.3-32-32-32zm-200 0H360v-72h304v72z"
                            />
                          </svg>
                        </span>
                      </button>
                    </div>
                  </td>
                </tr>
              </tbody>
            </table>
          </div>
        </div>
      </div>
    </div>
  </div>
</div>
`;
