// Jest Snapshot v1, https://goo.gl/fbAQLP

exports[`UploadImage component test create UploadImage components snapshot 1`] = `<div />`;
