// Jest Snapshot v1, https://goo.gl/fbAQLP

exports[`View Descriptions component test For Property, Descriptions components snapshot 1`] = `
<div
  class="ant-row"
  style="margin: -4px -4px 4px -4px;"
>
  <div
    class="ant-col ant-col-4"
    style="padding: 4px 4px 4px 4px;"
  >
    Description
  </div>
  <div
    class="ant-col ant-col-16"
    style="padding: 4px 4px 4px 4px;"
  >
    <div
      class="ant-row ant-form-item"
    >
      <div
        class="ant-col ant-form-item-control"
      >
        <div
          class="ant-form-item-control-input"
        >
          <div
            class="ant-form-item-control-input-content"
          >
            <textarea
              class="ant-input ant-input-borderless"
              data-testid="prop-supplier-description-textarea"
              id="0_EN_description"
              rows="6"
            />
          </div>
        </div>
      </div>
    </div>
  </div>
</div>
`;
