// Jest Snapshot v1, https://goo.gl/fbAQLP

exports[`ConfirmAddCartItemModal component test cases create ConfirmAddCartItemModal components snapshot 1`] = `null`;
