// Jest Snapshot v1, https://goo.gl/fbAQLP

exports[`PropertySort component test cases PropertySort component snapshot 1`] = `
<span>
  Sort By
</span>
`;
